// Jest Snapshot v1, https://goo.gl/fbAQLP

exports[`Contacts renders and matches our snapshot 1`] = `
<div
  className="contacts"
>
  <h3>
    No contacts to display...
  </h3>
</div>
`;
